This is pdfTeX, Version 3.141592653-2.6-1.40.29 (TeX Live 2026) (preloaded format=pdflatex 2026.6.1)  9 JUN 2026 13:38
entering extended mode
 restricted \write18 enabled.
 %&-line parsing enabled.
**C:/Users/renan/OneDrive/Projetos/consulta_hidroweb/output/dourada/report/relatorio_consolidado_dourada.tex
(c:/Users/renan/OneDrive/Projetos/consulta_hidroweb/output/dourada/report/relatorio_consolidado_dourada.tex
LaTeX2e <2026-06-01>
L3 programming layer <2026-05-26>
(c:/Users/renan/AppData/Roaming/TinyTeX/texmf-dist/tex/latex/base/article.cls
Document Class: article 2025/01/22 v1.4n Standard LaTeX document class
(c:/Users/renan/AppData/Roaming/TinyTeX/texmf-dist/tex/latex/base/size10.clo
File: size10.clo 2025/01/22 v1.4n Standard LaTeX file (size option)
)
\c@part=\count276
\c@section=\count277
\c@subsection=\count278
\c@subsubsection=\count279
\c@paragraph=\count280
\c@subparagraph=\count281
\c@figure=\count282
\c@table=\count283
\abovecaptionskip=\skip49
\belowcaptionskip=\skip50
\bibindent=\dimen150
) (c:/Users/renan/AppData/Roaming/TinyTeX/texmf-dist/tex/latex/xcolor/xcolor.sty
Package: xcolor 2024/09/29 v3.02 LaTeX color extensions (UK)
(c:/Users/renan/AppData/Roaming/TinyTeX/texmf-dist/tex/latex/graphics-cfg/color.cfg
File: color.cfg 2016/01/02 v1.6 sample color configuration
)
Package xcolor Info: Driver file: pdftex.def on input line 274.
(c:/Users/renan/AppData/Roaming/TinyTeX/texmf-dist/tex/latex/graphics-def/pdftex.def
File: pdftex.def 2025/09/29 v1.2d Graphics/color driver for pdftex
) (c:/Users/renan/AppData/Roaming/TinyTeX/texmf-dist/tex/latex/graphics/mathcolor.ltx)
Package xcolor Info: Model `cmy' substituted by `cmy0' on input line 1349.
Package xcolor Info: Model `hsb' substituted by `rgb' on input line 1353.
Package xcolor Info: Model `RGB' extended on input line 1365.
Package xcolor Info: Model `HTML' substituted by `rgb' on input line 1367.
Package xcolor Info: Model `Hsb' substituted by `hsb' on input line 1368.
Package xcolor Info: Model `tHsb' substituted by `hsb' on input line 1369.
Package xcolor Info: Model `HSB' substituted by `hsb' on input line 1370.
Package xcolor Info: Model `Gray' substituted by `gray' on input line 1371.
Package xcolor Info: Model `wave' substituted by `hsb' on input line 1372.
) (c:/Users/renan/AppData/Roaming/TinyTeX/texmf-dist/tex/latex/geometry/geometry.sty
Package: geometry 2026/03/07 v6.0 Page Geometry
(c:/Users/renan/AppData/Roaming/TinyTeX/texmf-dist/tex/latex/graphics/keyval.sty
Package: keyval 2026-05-17 v1.15 key=value parser (DPC)
\KV@toks@=\toks17
) (c:/Users/renan/AppData/Roaming/TinyTeX/texmf-dist/tex/generic/iftex/ifvtex.sty
Package: ifvtex 2019/10/25 v1.7 ifvtex legacy package. Use iftex instead.
(c:/Users/renan/AppData/Roaming/TinyTeX/texmf-dist/tex/generic/iftex/iftex.sty
Package: iftex 2024/12/12 v1.0g TeX engine tests
))
\Gm@cnth=\count284
\Gm@cntv=\count285
\c@Gm@tempcnt=\count286
\Gm@bindingoffset=\dimen151
\Gm@wd@mp=\dimen152
\Gm@odd@mp=\dimen153
\Gm@even@mp=\dimen154
\Gm@layoutwidth=\dimen155
\Gm@layoutheight=\dimen156
\Gm@layouthoffset=\dimen157
\Gm@layoutvoffset=\dimen158
\Gm@dimlist=\toks18
) (c:/Users/renan/AppData/Roaming/TinyTeX/texmf-dist/tex/latex/amsmath/amsmath.sty
Package: amsmath 2026/05/19 v2.18d AMS math features
\@mathmargin=\skip51
For additional information on amsmath, use the `?' option.
(c:/Users/renan/AppData/Roaming/TinyTeX/texmf-dist/tex/latex/amsmath/amstext.sty
Package: amstext 2024/11/17 v2.01 AMS text
(c:/Users/renan/AppData/Roaming/TinyTeX/texmf-dist/tex/latex/amsmath/amsgen.sty
File: amsgen.sty 1999/11/30 v2.0 generic functions
\@emptytoks=\toks19
\ex@=\dimen159
)) (c:/Users/renan/AppData/Roaming/TinyTeX/texmf-dist/tex/latex/amsmath/amsbsy.sty
Package: amsbsy 1999/11/29 v1.2d Bold Symbols
\pmbraise@=\dimen160
) (c:/Users/renan/AppData/Roaming/TinyTeX/texmf-dist/tex/latex/amsmath/amsopn.sty
Package: amsopn 2022/04/08 v2.04 operator names
)
\inf@bad=\count287
LaTeX Info: Redefining \frac on input line 233.
\uproot@=\count288
\leftroot@=\count289
LaTeX Info: Redefining \overline on input line 398.
LaTeX Info: Redefining \colon on input line 409.
\classnum@=\count290
\DOTSCASE@=\count291
LaTeX Info: Redefining \ldots on input line 495.
LaTeX Info: Redefining \dots on input line 498.
LaTeX Info: Redefining \cdots on input line 619.
\Mathstrutbox@=\box53
\strutbox@=\box54
LaTeX Info: Redefining \big on input line 721.
LaTeX Info: Redefining \Big on input line 722.
LaTeX Info: Redefining \bigg on input line 723.
LaTeX Info: Redefining \Bigg on input line 724.
\big@size=\dimen161
LaTeX Font Info:    Redeclaring font encoding OML on input line 742.
LaTeX Font Info:    Redeclaring font encoding OMS on input line 743.
\macc@depth=\count292
LaTeX Info: Redefining \bmod on input line 904.
LaTeX Info: Redefining \pmod on input line 909.
LaTeX Info: Redefining \smash on input line 939.
LaTeX Info: Redefining \relbar on input line 969.
LaTeX Info: Redefining \Relbar on input line 970.
\c@MaxMatrixCols=\count293
\dotsspace@=\muskip17
\c@parentequation=\count294
\dspbrk@lvl=\count295
\tag@help=\toks20
\row@=\count296
\column@=\count297
\maxfields@=\count298
\andhelp@=\toks21
\eqnshift@=\dimen162
\alignsep@=\dimen163
\tagshift@=\dimen164
\tagwidth@=\dimen165
\totwidth@=\dimen166
\lineht@=\dimen167
\@envbody=\toks22
\multlinegap=\skip52
\multlinetaggap=\skip53
\mathdisplay@stack=\toks23
LaTeX Info: Redefining \[ on input line 2965.
LaTeX Info: Redefining \] on input line 2966.
) (c:/Users/renan/AppData/Roaming/TinyTeX/texmf-dist/tex/latex/amsfonts/amssymb.sty
Package: amssymb 2013/01/14 v3.01 AMS font symbols
(c:/Users/renan/AppData/Roaming/TinyTeX/texmf-dist/tex/latex/amsfonts/amsfonts.sty
Package: amsfonts 2013/01/14 v3.01 Basic AMSFonts support
\symAMSa=\mathgroup4
\symAMSb=\mathgroup5
LaTeX Font Info:    Redeclaring math symbol \hbar on input line 98.
LaTeX Font Info:    Overwriting math alphabet `\mathfrak' in version `bold'
(Font)                  U/euf/m/n --> U/euf/b/n on input line 106.
)) (c:/Users/renan/AppData/Roaming/TinyTeX/texmf-dist/tex/latex/base/fontenc.sty
Package: fontenc 2025/07/18 v2.1d Standard LaTeX package
) (c:/Users/renan/AppData/Roaming/TinyTeX/texmf-dist/tex/latex/base/inputenc.sty
Package: inputenc 2024/02/08 v1.3d Input encoding file
\inpenc@prehook=\toks24
\inpenc@posthook=\toks25
) (c:/Users/renan/AppData/Roaming/TinyTeX/texmf-dist/tex/latex/base/textcomp.sty
Package: textcomp 2024/04/24 v2.1b Standard LaTeX package
) (c:/Users/renan/AppData/Roaming/TinyTeX/texmf-dist/tex/latex/lm/lmodern.sty
Package: lmodern 2015/05/01 v1.6.1 Latin Modern Fonts
LaTeX Font Info:    Overwriting symbol font `operators' in version `normal'
(Font)                  OT1/cmr/m/n --> OT1/lmr/m/n on input line 22.
LaTeX Font Info:    Overwriting symbol font `letters' in version `normal'
(Font)                  OML/cmm/m/it --> OML/lmm/m/it on input line 23.
LaTeX Font Info:    Overwriting symbol font `symbols' in version `normal'
(Font)                  OMS/cmsy/m/n --> OMS/lmsy/m/n on input line 24.
LaTeX Font Info:    Overwriting symbol font `largesymbols' in version `normal'
(Font)                  OMX/cmex/m/n --> OMX/lmex/m/n on input line 25.
LaTeX Font Info:    Overwriting symbol font `operators' in version `bold'
(Font)                  OT1/cmr/bx/n --> OT1/lmr/bx/n on input line 26.
LaTeX Font Info:    Overwriting symbol font `letters' in version `bold'
(Font)                  OML/cmm/b/it --> OML/lmm/b/it on input line 27.
LaTeX Font Info:    Overwriting symbol font `symbols' in version `bold'
(Font)                  OMS/cmsy/b/n --> OMS/lmsy/b/n on input line 28.
LaTeX Font Info:    Overwriting symbol font `largesymbols' in version `bold'
(Font)                  OMX/cmex/m/n --> OMX/lmex/m/n on input line 29.
LaTeX Font Info:    Overwriting math alphabet `\mathbf' in version `normal'
(Font)                  OT1/cmr/bx/n --> OT1/lmr/bx/n on input line 31.
LaTeX Font Info:    Overwriting math alphabet `\mathsf' in version `normal'
(Font)                  OT1/cmss/m/n --> OT1/lmss/m/n on input line 32.
LaTeX Font Info:    Overwriting math alphabet `\mathit' in version `normal'
(Font)                  OT1/cmr/m/it --> OT1/lmr/m/it on input line 33.
LaTeX Font Info:    Overwriting math alphabet `\mathtt' in version `normal'
(Font)                  OT1/cmtt/m/n --> OT1/lmtt/m/n on input line 34.
LaTeX Font Info:    Overwriting math alphabet `\mathbf' in version `bold'
(Font)                  OT1/cmr/bx/n --> OT1/lmr/bx/n on input line 35.
LaTeX Font Info:    Overwriting math alphabet `\mathsf' in version `bold'
(Font)                  OT1/cmss/bx/n --> OT1/lmss/bx/n on input line 36.
LaTeX Font Info:    Overwriting math alphabet `\mathit' in version `bold'
(Font)                  OT1/cmr/bx/it --> OT1/lmr/bx/it on input line 37.
LaTeX Font Info:    Overwriting math alphabet `\mathtt' in version `bold'
(Font)                  OT1/cmtt/m/n --> OT1/lmtt/m/n on input line 38.
) (c:/Users/renan/AppData/Roaming/TinyTeX/texmf-dist/tex/latex/upquote/upquote.sty
Package: upquote 2012/04/19 v1.3 upright-quote and grave-accent glyphs in verbatim
) (c:/Users/renan/AppData/Roaming/TinyTeX/texmf-dist/tex/latex/microtype/microtype.sty
Package: microtype 2026/03/01 v3.2d Micro-typographical refinements (RS)
(c:/Users/renan/AppData/Roaming/TinyTeX/texmf-dist/tex/latex/etoolbox/etoolbox.sty
Package: etoolbox 2025/10/02 v2.5m e-TeX tools for LaTeX (JAW)
\etb@tempcnta=\count299
)
\MT@toks=\toks26
\MT@tempbox=\box55
\MT@count=\count300
LaTeX Info: Redefining \noprotrusionifhmode on input line 1084.
LaTeX Info: Redefining \leftprotrusion on input line 1085.
\MT@prot@toks=\toks27
LaTeX Info: Redefining \rightprotrusion on input line 1104.
LaTeX Info: Redefining \textls on input line 1449.
\MT@outer@kern=\dimen168
LaTeX Info: Redefining \microtypecontext on input line 2053.
LaTeX Info: Redefining \textmicrotypecontext on input line 2070.
\MT@listname@count=\count301
(c:/Users/renan/AppData/Roaming/TinyTeX/texmf-dist/tex/latex/microtype/microtype-pdftex.def
File: microtype-pdftex.def 2026/03/01 v3.2d Definitions specific to pdftex (RS)
LaTeX Info: Redefining \lsstyle on input line 944.
LaTeX Info: Redefining \lslig on input line 944.
\MT@outer@space=\skip54
)
Package microtype Info: Loading configuration file microtype.cfg.
(c:/Users/renan/AppData/Roaming/TinyTeX/texmf-dist/tex/latex/microtype/microtype.cfg
File: microtype.cfg 2026/03/01 v3.2d microtype main configuration file (RS)
)
LaTeX Info: Redefining \microtypesetup on input line 3065.
) (c:/Users/renan/AppData/Roaming/TinyTeX/texmf-dist/tex/latex/parskip/parskip.sty
Package: parskip 2021-03-14 v2.0h non-zero parskip adjustments
(c:/Users/renan/AppData/Roaming/TinyTeX/texmf-dist/tex/latex/kvoptions/kvoptions.sty
Package: kvoptions 2022-06-15 v3.15 Key value format for package options (HO)
(c:/Users/renan/AppData/Roaming/TinyTeX/texmf-dist/tex/generic/ltxcmds/ltxcmds.sty
Package: ltxcmds 2023-12-04 v1.26 LaTeX kernel commands for general use (HO)
) (c:/Users/renan/AppData/Roaming/TinyTeX/texmf-dist/tex/latex/kvsetkeys/kvsetkeys.sty
Package: kvsetkeys 2022-10-05 v1.19 Key value parser (HO)
))) (c:/Users/renan/AppData/Roaming/TinyTeX/texmf-dist/tex/latex/graphics/graphicx.sty
Package: graphicx 2026-05-17 v1.2e Enhanced LaTeX Graphics (DPC,SPQR)
(c:/Users/renan/AppData/Roaming/TinyTeX/texmf-dist/tex/latex/graphics/graphics.sty
Package: graphics 2026-05-17 v1.4h Standard LaTeX Graphics (DPC,SPQR)
(c:/Users/renan/AppData/Roaming/TinyTeX/texmf-dist/tex/latex/graphics/trig.sty
Package: trig 2023/12/02 v1.11 sin cos tan (DPC)
) (c:/Users/renan/AppData/Roaming/TinyTeX/texmf-dist/tex/latex/graphics-cfg/graphics.cfg
File: graphics.cfg 2016/06/04 v1.11 sample graphics configuration
)
Package graphics Info: Driver file: pdftex.def on input line 106.
)
\Gin@req@height=\dimen169
\Gin@req@width=\dimen170
)
\pandoc@box=\box56
(c:/Users/renan/AppData/Roaming/TinyTeX/texmf-dist/tex/latex/float/float.sty
Package: float 2001/11/08 v1.3d Float enhancements (AL)
\c@float@type=\count302
\float@exts=\toks28
\float@box=\box57
\@float@everytoks=\toks29
\@floatcapt=\box58
) (c:/Users/renan/AppData/Roaming/TinyTeX/texmf-dist/tex/latex/placeins/placeins.sty
Package: placeins 2005/04/18  v 2.2
) (c:/Users/renan/AppData/Roaming/TinyTeX/texmf-dist/tex/latex/booktabs/booktabs.sty
Package: booktabs 2020/01/12 v1.61803398 Publication quality tables
\heavyrulewidth=\dimen171
\lightrulewidth=\dimen172
\cmidrulewidth=\dimen173
\belowrulesep=\dimen174
\belowbottomsep=\dimen175
\aboverulesep=\dimen176
\abovetopsep=\dimen177
\cmidrulesep=\dimen178
\cmidrulekern=\dimen179
\defaultaddspace=\dimen180
\@cmidla=\count303
\@cmidlb=\count304
\@aboverulesep=\dimen181
\@belowrulesep=\dimen182
\@thisruleclass=\count305
\@lastruleclass=\count306
\@thisrulewidth=\dimen183
) (c:/Users/renan/AppData/Roaming/TinyTeX/texmf-dist/tex/latex/tools/longtable.sty
Package: longtable 2026-01-28 v4.27 Multi-page Table package (DPC)
\LTleft=\skip55
\LTright=\skip56
\LTpre=\skip57
\LTpost=\skip58
\LTchunksize=\count307
\LTcapwidth=\dimen184
\LT@head=\box59
\LT@firsthead=\box60
\LT@foot=\box61
\LT@lastfoot=\box62
\LT@gbox=\box63
\LT@cols=\count308
\LT@rows=\count309
\c@LT@tables=\count310
\c@LT@chunks=\count311
\LT@p@ftn=\toks30
) (c:/Users/renan/AppData/Roaming/TinyTeX/texmf-dist/tex/latex/colortbl/colortbl.sty
Package: colortbl 2026/05/01 v1.0l Color table columns (DPC)
(c:/Users/renan/AppData/Roaming/TinyTeX/texmf-dist/tex/latex/tools/array.sty
Package: array 2026/02/24 v2.7b Tabular extension package (FMi)
\col@sep=\dimen185
\ar@mcellbox=\box64
\extrarowheight=\dimen186
\NC@list=\toks31
\extratabsurround=\skip59
\backup@length=\skip60
\ar@cellbox=\box65
)
new hooks used!!
\minrowclearance=\skip61
\rownum=\count312
) (c:/Users/renan/AppData/Roaming/TinyTeX/texmf-dist/tex/latex/bookmark/bookmark.sty
Package: bookmark 2026-05-21 v1.32 PDF bookmarks (HO)
(c:/Users/renan/AppData/Roaming/TinyTeX/texmf-dist/tex/latex/hyperref/hyperref.sty
Package: hyperref 2026-04-24 v7.01q Hypertext links for LaTeX
(c:/Users/renan/AppData/Roaming/TinyTeX/texmf-dist/tex/generic/kvdefinekeys/kvdefinekeys.sty
Package: kvdefinekeys 2019-12-19 v1.6 Define keys (HO)
) (c:/Users/renan/AppData/Roaming/TinyTeX/texmf-dist/tex/generic/pdfescape/pdfescape.sty
Package: pdfescape 2019/12/09 v1.15 Implements pdfTeX's escape features (HO)
(c:/Users/renan/AppData/Roaming/TinyTeX/texmf-dist/tex/generic/pdftexcmds/pdftexcmds.sty
Package: pdftexcmds 2020-06-27 v0.33 Utility functions of pdfTeX for LuaTeX (HO)
(c:/Users/renan/AppData/Roaming/TinyTeX/texmf-dist/tex/generic/infwarerr/infwarerr.sty
Package: infwarerr 2019/12/03 v1.5 Providing info/warning/error messages (HO)
)
Package pdftexcmds Info: \pdf@primitive is available.
Package pdftexcmds Info: \pdf@ifprimitive is available.
Package pdftexcmds Info: \pdfdraftmode found.
)) (c:/Users/renan/AppData/Roaming/TinyTeX/texmf-dist/tex/latex/hycolor/hycolor.sty
Package: hycolor 2020-01-27 v1.10 Color options for hyperref/bookmark (HO)
) (c:/Users/renan/AppData/Roaming/TinyTeX/texmf-dist/tex/latex/hyperref/nameref.sty
Package: nameref 2026-01-29 v2.58 Cross-referencing by name of section
(c:/Users/renan/AppData/Roaming/TinyTeX/texmf-dist/tex/latex/refcount/refcount.sty
Package: refcount 2019/12/15 v3.6 Data extraction from label references (HO)
) (c:/Users/renan/AppData/Roaming/TinyTeX/texmf-dist/tex/generic/gettitlestring/gettitlestring.sty
Package: gettitlestring 2019/12/15 v1.6 Cleanup title references (HO)
)
\c@section@level=\count313
) (c:/Users/renan/AppData/Roaming/TinyTeX/texmf-dist/tex/generic/stringenc/stringenc.sty
Package: stringenc 2019/11/29 v1.12 Convert strings between diff. encodings (HO)
)
\@linkdim=\dimen187
\Hy@linkcounter=\count314
\Hy@pagecounter=\count315
(c:/Users/renan/AppData/Roaming/TinyTeX/texmf-dist/tex/latex/hyperref/pd1enc.def
File: pd1enc.def 2026-04-24 v7.01q Hyperref: PDFDocEncoding definition (HO)
Now handling font encoding PD1 ...
... no UTF-8 mapping file for font encoding PD1
) (c:/Users/renan/AppData/Roaming/TinyTeX/texmf-dist/tex/generic/intcalc/intcalc.sty
Package: intcalc 2019/12/15 v1.3 Expandable calculations with integers (HO)
)
\Hy@SavedSpaceFactor=\count316
(c:/Users/renan/AppData/Roaming/TinyTeX/texmf-dist/tex/latex/hyperref/puenc.def
File: puenc.def 2026-04-24 v7.01q Hyperref: PDF Unicode definition (HO)
Now handling font encoding PU ...
... no UTF-8 mapping file for font encoding PU
)
Package hyperref Info: Option `unicode' set `true' on input line 4070.
Package hyperref Info: Hyper figures OFF on input line 4199.
Package hyperref Info: Link nesting OFF on input line 4204.
Package hyperref Info: Hyper index ON on input line 4207.
Package hyperref Info: Plain pages OFF on input line 4214.
Package hyperref Info: Backreferencing OFF on input line 4219.
Package hyperref Info: Implicit mode ON; LaTeX internals redefined.
Package hyperref Info: Bookmarks ON on input line 4466.
\c@Hy@tempcnt=\count317
(c:/Users/renan/AppData/Roaming/TinyTeX/texmf-dist/tex/latex/url/url.sty
\Urlmuskip=\muskip18
Package: url 2013/09/16  ver 3.4  Verb mode for urls, etc.
)
LaTeX Info: Redefining \url on input line 4805.
\XeTeXLinkMargin=\dimen188
(c:/Users/renan/AppData/Roaming/TinyTeX/texmf-dist/tex/generic/bitset/bitset.sty
Package: bitset 2019/12/09 v1.3 Handle bit-vector datatype (HO)
(c:/Users/renan/AppData/Roaming/TinyTeX/texmf-dist/tex/generic/bigintcalc/bigintcalc.sty
Package: bigintcalc 2019/12/15 v1.5 Expandable calculations on big integers (HO)
))
\Fld@menulength=\count318
\Field@Width=\dimen189
\Fld@charsize=\dimen190
Package hyperref Info: Hyper figures OFF on input line 6091.
Package hyperref Info: Link nesting OFF on input line 6096.
Package hyperref Info: Hyper index ON on input line 6099.
Package hyperref Info: backreferencing OFF on input line 6106.
Package hyperref Info: Link coloring OFF on input line 6111.
Package hyperref Info: Link coloring with OCG OFF on input line 6116.
Package hyperref Info: PDF/A mode OFF on input line 6121.
\Hy@abspage=\count319
\c@Item=\count320
\c@Hfootnote=\count321
)
Package hyperref Info: Driver (autodetected): hpdftex.
(c:/Users/renan/AppData/Roaming/TinyTeX/texmf-dist/tex/latex/hyperref/hpdftex.def
File: hpdftex.def 2026-04-24 v7.01q Hyperref driver for pdfTeX
\Fld@listcount=\count322
\c@bookmark@seq@number=\count323
(c:/Users/renan/AppData/Roaming/TinyTeX/texmf-dist/tex/latex/rerunfilecheck/rerunfilecheck.sty
Package: rerunfilecheck 2025-06-21 v1.11 Rerun checks for auxiliary files (HO)
(c:/Users/renan/AppData/Roaming/TinyTeX/texmf-dist/tex/generic/uniquecounter/uniquecounter.sty
Package: uniquecounter 2019/12/15 v1.4 Provide unlimited unique counter (HO)
)
Package uniquecounter Info: New unique counter `rerunfilecheck' on input line 284.
)
\Hy@SectionHShift=\skip62
) (c:/Users/renan/AppData/Roaming/TinyTeX/texmf-dist/tex/latex/l3backend/l3backend-pdftex.def
File: l3backend-pdftex.def 2026-02-18 L3 backend support: PDF output (pdfTeX)
\l__color_backend_stack_int=\count324
) (c:/Users/renan/AppData/Roaming/TinyTeX/texmf-dist/tex/latex/bookmark/bkm-pdftex.def
File: bkm-pdftex.def 2026-05-21 v1.32 bookmark driver for pdfTeX (HO)
\BKM@id=\count325
))
LaTeX Font Info:    Trying to load font information for T1+lmr on input line 77.
(c:/Users/renan/AppData/Roaming/TinyTeX/texmf-dist/tex/latex/lm/t1lmr.fd
File: t1lmr.fd 2015/05/01 v1.6.1 Font defs for Latin Modern
) (./relatorio_consolidado_dourada.aux

LaTeX Warning: Label `tab:tabelas' multiply defined.


LaTeX Warning: Label `tab:tabelas' multiply defined.

)
\openout1 = `relatorio_consolidado_dourada.aux'.

LaTeX Font Info:    Checking defaults for OML/cmm/m/it on input line 77.
LaTeX Font Info:    ... okay on input line 77.
LaTeX Font Info:    Checking defaults for OMS/cmsy/m/n on input line 77.
LaTeX Font Info:    ... okay on input line 77.
LaTeX Font Info:    Checking defaults for OT1/cmr/m/n on input line 77.
LaTeX Font Info:    ... okay on input line 77.
LaTeX Font Info:    Checking defaults for T1/cmr/m/n on input line 77.
LaTeX Font Info:    ... okay on input line 77.
LaTeX Font Info:    Checking defaults for TS1/cmr/m/n on input line 77.
LaTeX Font Info:    ... okay on input line 77.
LaTeX Font Info:    Checking defaults for OMX/cmex/m/n on input line 77.
LaTeX Font Info:    ... okay on input line 77.
LaTeX Font Info:    Checking defaults for U/cmr/m/n on input line 77.
LaTeX Font Info:    ... okay on input line 77.
LaTeX Font Info:    Checking defaults for PD1/pdf/m/n on input line 77.
LaTeX Font Info:    ... okay on input line 77.
LaTeX Font Info:    Checking defaults for PU/pdf/m/n on input line 77.
LaTeX Font Info:    ... okay on input line 77.
(c:/Users/renan/AppData/Roaming/TinyTeX/texmf-dist/tex/latex/epstopdf-pkg/epstopdf-base.sty
Package: epstopdf-base 2020-01-24 v2.11 Base part for package epstopdf
Package epstopdf-base Info: Redefining graphics rule for `.eps' on input line 485.
(c:/Users/renan/AppData/Roaming/TinyTeX/texmf-dist/tex/latex/latexconfig/epstopdf-sys.cfg
File: epstopdf-sys.cfg 2010/07/13 v1.3 Configuration of (r)epstopdf for TeX Live
))
*geometry* driver: auto-detecting
*geometry* detected driver: pdftex
*geometry* verbose mode - [ preamble ] result:
* driver: pdftex
* paper: <default>
* layout: <same size as paper>
* layoutoffset:(h,v)=(0.0pt,0.0pt)
* modes: 
* h-part:(L,W,R)=(72.26999pt, 469.75502pt, 72.26999pt)
* v-part:(T,H,B)=(72.26999pt, 650.43001pt, 72.26999pt)
* \paperwidth=614.295pt
* \paperheight=794.96999pt
* \textwidth=469.75502pt
* \textheight=650.43001pt
* \oddsidemargin=0.0pt
* \evensidemargin=0.0pt
* \topmargin=-37.0pt
* \headheight=12.0pt
* \headsep=25.0pt
* \topskip=10.0pt
* \footskip=30.0pt
* \marginparwidth=65.0pt
* \marginparsep=11.0pt
* \columnsep=10.0pt
* \skip\footins=9.0pt plus 4.0pt minus 2.0pt
* \hoffset=0.0pt
* \voffset=0.0pt
* \mag=1000
* \@twocolumnfalse
* \@twosidefalse
* \@mparswitchfalse
* \@reversemarginfalse
* (1in=72.27pt=25.4mm, 1cm=28.453pt)

LaTeX Info: Redefining \microtypecontext on input line 77.
Package microtype Info: Applying patch `item' on input line 77.
Package microtype Info: Applying patch `toc' on input line 77.
Package microtype Info: Applying patch `eqnum' on input line 77.
Package microtype Info: Applying patch `footnote' on input line 77.
Package microtype Info: Applying patch `verbatim' on input line 77.
LaTeX Info: Redefining \microtypesetup on input line 77.
Package microtype Info: Generating PDF output.
Package microtype Info: Character protrusion enabled (level 2).
Package microtype Info: Using protrusion set `basicmath'.
Package microtype Info: Automatic font expansion enabled (level 2),
(microtype)             stretch: 20, shrink: 20, step: 1, non-selected.
Package microtype Info: Using default expansion set `alltext-nott'.
Package microtype Info: Patching command `\showhyphens'.
Package microtype Info: No adjustment of tracking.
Package microtype Info: No adjustment of interword spacing.
Package microtype Info: No adjustment of character kerning.
(c:/Users/renan/AppData/Roaming/TinyTeX/texmf-dist/tex/latex/microtype/mt-cmr.cfg
File: mt-cmr.cfg 2013/05/19 v2.2 microtype config. file: Computer Modern Roman (RS)
)
Package hyperref Info: Link coloring OFF on input line 77.
(./relatorio_consolidado_dourada.toc
LaTeX Font Info:    Trying to load font information for OT1+lmr on input line 3.
(c:/Users/renan/AppData/Roaming/TinyTeX/texmf-dist/tex/latex/lm/ot1lmr.fd
File: ot1lmr.fd 2015/05/01 v1.6.1 Font defs for Latin Modern
)
LaTeX Font Info:    Trying to load font information for OML+lmm on input line 3.
(c:/Users/renan/AppData/Roaming/TinyTeX/texmf-dist/tex/latex/lm/omllmm.fd
File: omllmm.fd 2015/05/01 v1.6.1 Font defs for Latin Modern
)
LaTeX Font Info:    Trying to load font information for OMS+lmsy on input line 3.
(c:/Users/renan/AppData/Roaming/TinyTeX/texmf-dist/tex/latex/lm/omslmsy.fd
File: omslmsy.fd 2015/05/01 v1.6.1 Font defs for Latin Modern
)
LaTeX Font Info:    Trying to load font information for OMX+lmex on input line 3.
(c:/Users/renan/AppData/Roaming/TinyTeX/texmf-dist/tex/latex/lm/omxlmex.fd
File: omxlmex.fd 2015/05/01 v1.6.1 Font defs for Latin Modern
)
LaTeX Font Info:    External font `lmex10' loaded for size
(Font)              <10> on input line 3.
LaTeX Font Info:    External font `lmex10' loaded for size
(Font)              <7> on input line 3.
LaTeX Font Info:    External font `lmex10' loaded for size
(Font)              <5> on input line 3.
LaTeX Font Info:    Trying to load font information for U+msa on input line 3.
(c:/Users/renan/AppData/Roaming/TinyTeX/texmf-dist/tex/latex/amsfonts/umsa.fd
File: umsa.fd 2013/01/14 v3.01 AMS symbols A
) (c:/Users/renan/AppData/Roaming/TinyTeX/texmf-dist/tex/latex/microtype/mt-msa.cfg
File: mt-msa.cfg 2006/02/04 v1.1 microtype config. file: AMS symbols (a) (RS)
)
LaTeX Font Info:    Trying to load font information for U+msb on input line 3.
(c:/Users/renan/AppData/Roaming/TinyTeX/texmf-dist/tex/latex/amsfonts/umsb.fd
File: umsb.fd 2013/01/14 v3.01 AMS symbols B
) (c:/Users/renan/AppData/Roaming/TinyTeX/texmf-dist/tex/latex/microtype/mt-msb.cfg
File: mt-msb.cfg 2005/06/01 v1.0 microtype config. file: AMS symbols (b) (RS)
)
LaTeX Font Info:    Trying to load font information for TS1+lmr on input line 7.
(c:/Users/renan/AppData/Roaming/TinyTeX/texmf-dist/tex/latex/lm/ts1lmr.fd
File: ts1lmr.fd 2015/05/01 v1.6.1 Font defs for Latin Modern
))
\tf@toc=\write3
\openout3 = `relatorio_consolidado_dourada.toc'.

<C:/Users/renan/OneDrive/Projetos/consulta_hidroweb/output/dourada/report/relatorio_consolidado_dourada_files/figure-latex/disponibilidade-1.pdf, id=32, 469.755pt x 325.215pt>
File: C:/Users/renan/OneDrive/Projetos/consulta_hidroweb/output/dourada/report/relatorio_consolidado_dourada_files/figure-latex/disponibilidade-1.pdf Graphic file (type pdf)
<use C:/Users/renan/OneDrive/Projetos/consulta_hidroweb/output/dourada/report/relatorio_consolidado_dourada_files/figure-latex/disponibilidade-1.pdf>
Package pdftex.def Info: C:/Users/renan/OneDrive/Projetos/consulta_hidroweb/output/dourada/report/relatorio_consolidado_dourada_files/figure-latex/disponibilidade-1.pdf  used on input line 97.
(pdftex.def)             Requested size: 469.75502pt x 325.2142pt.
[1

{c:/Users/renan/AppData/Roaming/TinyTeX/texmf-var/fonts/map/pdftex/updmap/pdftex.map}{c:/Users/renan/AppData/Roaming/TinyTeX/texmf-dist/fonts/enc/dvips/lm/lm-ec.enc}{c:/Users/renan/AppData/Roaming/TinyTeX/texmf-dist/fonts/enc/dvips/lm/lm-ts1.enc}]
<C:/Users/renan/OneDrive/Projetos/consulta_hidroweb/output/dourada/report/relatorio_consolidado_dourada_files/figure-latex/disponibilidade-2.pdf, id=73, 469.755pt x 325.215pt>
File: C:/Users/renan/OneDrive/Projetos/consulta_hidroweb/output/dourada/report/relatorio_consolidado_dourada_files/figure-latex/disponibilidade-2.pdf Graphic file (type pdf)
<use C:/Users/renan/OneDrive/Projetos/consulta_hidroweb/output/dourada/report/relatorio_consolidado_dourada_files/figure-latex/disponibilidade-2.pdf>
Package pdftex.def Info: C:/Users/renan/OneDrive/Projetos/consulta_hidroweb/output/dourada/report/relatorio_consolidado_dourada_files/figure-latex/disponibilidade-2.pdf  used on input line 105.
(pdftex.def)             Requested size: 469.75502pt x 325.2142pt.
[2 <c:/Users/renan/OneDrive/Projetos/consulta_hidroweb/output/dourada/report/relatorio_consolidado_dourada_files/figure-latex/disponibilidade-1.pdf>]
<C:/Users/renan/OneDrive/Projetos/consulta_hidroweb/output/dourada/report/relatorio_consolidado_dourada_files/figure-latex/disponibilidade-3.pdf, id=86, 469.755pt x 325.215pt>
File: C:/Users/renan/OneDrive/Projetos/consulta_hidroweb/output/dourada/report/relatorio_consolidado_dourada_files/figure-latex/disponibilidade-3.pdf Graphic file (type pdf)
<use C:/Users/renan/OneDrive/Projetos/consulta_hidroweb/output/dourada/report/relatorio_consolidado_dourada_files/figure-latex/disponibilidade-3.pdf>
Package pdftex.def Info: C:/Users/renan/OneDrive/Projetos/consulta_hidroweb/output/dourada/report/relatorio_consolidado_dourada_files/figure-latex/disponibilidade-3.pdf  used on input line 113.
(pdftex.def)             Requested size: 469.75502pt x 325.2142pt.
[3 <c:/Users/renan/OneDrive/Projetos/consulta_hidroweb/output/dourada/report/relatorio_consolidado_dourada_files/figure-latex/disponibilidade-2.pdf>]
<C:/Users/renan/OneDrive/Projetos/consulta_hidroweb/output/dourada/report/relatorio_consolidado_dourada_files/figure-latex/tendencias-1.pdf, id=99, 469.755pt x 325.215pt>
File: C:/Users/renan/OneDrive/Projetos/consulta_hidroweb/output/dourada/report/relatorio_consolidado_dourada_files/figure-latex/tendencias-1.pdf Graphic file (type pdf)
<use C:/Users/renan/OneDrive/Projetos/consulta_hidroweb/output/dourada/report/relatorio_consolidado_dourada_files/figure-latex/tendencias-1.pdf>
Package pdftex.def Info: C:/Users/renan/OneDrive/Projetos/consulta_hidroweb/output/dourada/report/relatorio_consolidado_dourada_files/figure-latex/tendencias-1.pdf  used on input line 129.
(pdftex.def)             Requested size: 469.75502pt x 325.2142pt.
[4 <c:/Users/renan/OneDrive/Projetos/consulta_hidroweb/output/dourada/report/relatorio_consolidado_dourada_files/figure-latex/disponibilidade-3.pdf>]
<C:/Users/renan/OneDrive/Projetos/consulta_hidroweb/output/dourada/report/relatorio_consolidado_dourada_files/figure-latex/tendencias-2.pdf, id=112, 469.755pt x 325.215pt>
File: C:/Users/renan/OneDrive/Projetos/consulta_hidroweb/output/dourada/report/relatorio_consolidado_dourada_files/figure-latex/tendencias-2.pdf Graphic file (type pdf)
<use C:/Users/renan/OneDrive/Projetos/consulta_hidroweb/output/dourada/report/relatorio_consolidado_dourada_files/figure-latex/tendencias-2.pdf>
Package pdftex.def Info: C:/Users/renan/OneDrive/Projetos/consulta_hidroweb/output/dourada/report/relatorio_consolidado_dourada_files/figure-latex/tendencias-2.pdf  used on input line 136.
(pdftex.def)             Requested size: 469.75502pt x 325.2142pt.
[5 <c:/Users/renan/OneDrive/Projetos/consulta_hidroweb/output/dourada/report/relatorio_consolidado_dourada_files/figure-latex/tendencias-1.pdf>] [6 <c:/Users/renan/OneDrive/Projetos/consulta_hidroweb/output/dourada/report/relatorio_consolidado_dourada_files/figure-latex/tendencias-2.pdf>]
<C:/Users/renan/OneDrive/Projetos/consulta_hidroweb/output/dourada/report/relatorio_consolidado_dourada_files/figure-latex/tendencias-3.pdf, id=136, 469.755pt x 325.215pt>
File: C:/Users/renan/OneDrive/Projetos/consulta_hidroweb/output/dourada/report/relatorio_consolidado_dourada_files/figure-latex/tendencias-3.pdf Graphic file (type pdf)
<use C:/Users/renan/OneDrive/Projetos/consulta_hidroweb/output/dourada/report/relatorio_consolidado_dourada_files/figure-latex/tendencias-3.pdf>
Package pdftex.def Info: C:/Users/renan/OneDrive/Projetos/consulta_hidroweb/output/dourada/report/relatorio_consolidado_dourada_files/figure-latex/tendencias-3.pdf  used on input line 144.
(pdftex.def)             Requested size: 469.75502pt x 325.2142pt.
<C:/Users/renan/OneDrive/Projetos/consulta_hidroweb/output/dourada/report/relatorio_consolidado_dourada_files/figure-latex/tendencias-4.pdf, id=137, 469.755pt x 325.215pt>
File: C:/Users/renan/OneDrive/Projetos/consulta_hidroweb/output/dourada/report/relatorio_consolidado_dourada_files/figure-latex/tendencias-4.pdf Graphic file (type pdf)
<use C:/Users/renan/OneDrive/Projetos/consulta_hidroweb/output/dourada/report/relatorio_consolidado_dourada_files/figure-latex/tendencias-4.pdf>
Package pdftex.def Info: C:/Users/renan/OneDrive/Projetos/consulta_hidroweb/output/dourada/report/relatorio_consolidado_dourada_files/figure-latex/tendencias-4.pdf  used on input line 150.
(pdftex.def)             Requested size: 469.75502pt x 325.2142pt.
[7 <c:/Users/renan/OneDrive/Projetos/consulta_hidroweb/output/dourada/report/relatorio_consolidado_dourada_files/figure-latex/tendencias-3.pdf>]
<C:/Users/renan/OneDrive/Projetos/consulta_hidroweb/output/dourada/report/relatorio_consolidado_dourada_files/figure-latex/tendencias-5.pdf, id=148, 469.755pt x 325.215pt>
File: C:/Users/renan/OneDrive/Projetos/consulta_hidroweb/output/dourada/report/relatorio_consolidado_dourada_files/figure-latex/tendencias-5.pdf Graphic file (type pdf)
<use C:/Users/renan/OneDrive/Projetos/consulta_hidroweb/output/dourada/report/relatorio_consolidado_dourada_files/figure-latex/tendencias-5.pdf>
Package pdftex.def Info: C:/Users/renan/OneDrive/Projetos/consulta_hidroweb/output/dourada/report/relatorio_consolidado_dourada_files/figure-latex/tendencias-5.pdf  used on input line 161.
(pdftex.def)             Requested size: 469.75502pt x 325.2142pt.
[8 <c:/Users/renan/OneDrive/Projetos/consulta_hidroweb/output/dourada/report/relatorio_consolidado_dourada_files/figure-latex/tendencias-4.pdf>]
<C:/Users/renan/OneDrive/Projetos/consulta_hidroweb/output/dourada/report/relatorio_consolidado_dourada_files/figure-latex/tendencias-6.pdf, id=160, 469.755pt x 325.215pt>
File: C:/Users/renan/OneDrive/Projetos/consulta_hidroweb/output/dourada/report/relatorio_consolidado_dourada_files/figure-latex/tendencias-6.pdf Graphic file (type pdf)
<use C:/Users/renan/OneDrive/Projetos/consulta_hidroweb/output/dourada/report/relatorio_consolidado_dourada_files/figure-latex/tendencias-6.pdf>
Package pdftex.def Info: C:/Users/renan/OneDrive/Projetos/consulta_hidroweb/output/dourada/report/relatorio_consolidado_dourada_files/figure-latex/tendencias-6.pdf  used on input line 168.
(pdftex.def)             Requested size: 469.75502pt x 325.2142pt.
[9 <c:/Users/renan/OneDrive/Projetos/consulta_hidroweb/output/dourada/report/relatorio_consolidado_dourada_files/figure-latex/tendencias-5.pdf>] [10 <c:/Users/renan/OneDrive/Projetos/consulta_hidroweb/output/dourada/report/relatorio_consolidado_dourada_files/figure-latex/tendencias-6.pdf>]
<C:/Users/renan/OneDrive/Projetos/consulta_hidroweb/output/dourada/report/relatorio_consolidado_dourada_files/figure-latex/tendencias-7.pdf, id=183, 469.755pt x 325.215pt>
File: C:/Users/renan/OneDrive/Projetos/consulta_hidroweb/output/dourada/report/relatorio_consolidado_dourada_files/figure-latex/tendencias-7.pdf Graphic file (type pdf)
<use C:/Users/renan/OneDrive/Projetos/consulta_hidroweb/output/dourada/report/relatorio_consolidado_dourada_files/figure-latex/tendencias-7.pdf>
Package pdftex.def Info: C:/Users/renan/OneDrive/Projetos/consulta_hidroweb/output/dourada/report/relatorio_consolidado_dourada_files/figure-latex/tendencias-7.pdf  used on input line 176.
(pdftex.def)             Requested size: 469.75502pt x 325.2142pt.
<C:/Users/renan/OneDrive/Projetos/consulta_hidroweb/output/dourada/report/relatorio_consolidado_dourada_files/figure-latex/tendencias-8.pdf, id=184, 469.755pt x 325.215pt>
File: C:/Users/renan/OneDrive/Projetos/consulta_hidroweb/output/dourada/report/relatorio_consolidado_dourada_files/figure-latex/tendencias-8.pdf Graphic file (type pdf)
<use C:/Users/renan/OneDrive/Projetos/consulta_hidroweb/output/dourada/report/relatorio_consolidado_dourada_files/figure-latex/tendencias-8.pdf>
Package pdftex.def Info: C:/Users/renan/OneDrive/Projetos/consulta_hidroweb/output/dourada/report/relatorio_consolidado_dourada_files/figure-latex/tendencias-8.pdf  used on input line 182.
(pdftex.def)             Requested size: 469.75502pt x 325.2142pt.
[11 <c:/Users/renan/OneDrive/Projetos/consulta_hidroweb/output/dourada/report/relatorio_consolidado_dourada_files/figure-latex/tendencias-7.pdf>]
<C:/Users/renan/OneDrive/Projetos/consulta_hidroweb/output/dourada/report/relatorio_consolidado_dourada_files/figure-latex/tendencias-9.pdf, id=194, 469.755pt x 325.215pt>
File: C:/Users/renan/OneDrive/Projetos/consulta_hidroweb/output/dourada/report/relatorio_consolidado_dourada_files/figure-latex/tendencias-9.pdf Graphic file (type pdf)
<use C:/Users/renan/OneDrive/Projetos/consulta_hidroweb/output/dourada/report/relatorio_consolidado_dourada_files/figure-latex/tendencias-9.pdf>
Package pdftex.def Info: C:/Users/renan/OneDrive/Projetos/consulta_hidroweb/output/dourada/report/relatorio_consolidado_dourada_files/figure-latex/tendencias-9.pdf  used on input line 193.
(pdftex.def)             Requested size: 469.75502pt x 325.2142pt.
[12 <c:/Users/renan/OneDrive/Projetos/consulta_hidroweb/output/dourada/report/relatorio_consolidado_dourada_files/figure-latex/tendencias-8.pdf>]
<C:/Users/renan/OneDrive/Projetos/consulta_hidroweb/output/dourada/report/relatorio_consolidado_dourada_files/figure-latex/tendencias-10.pdf, id=205, 469.755pt x 325.215pt>
File: C:/Users/renan/OneDrive/Projetos/consulta_hidroweb/output/dourada/report/relatorio_consolidado_dourada_files/figure-latex/tendencias-10.pdf Graphic file (type pdf)
<use C:/Users/renan/OneDrive/Projetos/consulta_hidroweb/output/dourada/report/relatorio_consolidado_dourada_files/figure-latex/tendencias-10.pdf>
Package pdftex.def Info: C:/Users/renan/OneDrive/Projetos/consulta_hidroweb/output/dourada/report/relatorio_consolidado_dourada_files/figure-latex/tendencias-10.pdf  used on input line 200.
(pdftex.def)             Requested size: 469.75502pt x 325.2142pt.
[13 <c:/Users/renan/OneDrive/Projetos/consulta_hidroweb/output/dourada/report/relatorio_consolidado_dourada_files/figure-latex/tendencias-9.pdf>] [14 <c:/Users/renan/OneDrive/Projetos/consulta_hidroweb/output/dourada/report/relatorio_consolidado_dourada_files/figure-latex/tendencias-10.pdf>]
<C:/Users/renan/OneDrive/Projetos/consulta_hidroweb/output/dourada/report/relatorio_consolidado_dourada_files/figure-latex/tendencias-11.pdf, id=229, 469.755pt x 325.215pt>
File: C:/Users/renan/OneDrive/Projetos/consulta_hidroweb/output/dourada/report/relatorio_consolidado_dourada_files/figure-latex/tendencias-11.pdf Graphic file (type pdf)
<use C:/Users/renan/OneDrive/Projetos/consulta_hidroweb/output/dourada/report/relatorio_consolidado_dourada_files/figure-latex/tendencias-11.pdf>
Package pdftex.def Info: C:/Users/renan/OneDrive/Projetos/consulta_hidroweb/output/dourada/report/relatorio_consolidado_dourada_files/figure-latex/tendencias-11.pdf  used on input line 208.
(pdftex.def)             Requested size: 469.75502pt x 325.2142pt.
<C:/Users/renan/OneDrive/Projetos/consulta_hidroweb/output/dourada/report/relatorio_consolidado_dourada_files/figure-latex/tendencias-12.pdf, id=230, 469.755pt x 325.215pt>
File: C:/Users/renan/OneDrive/Projetos/consulta_hidroweb/output/dourada/report/relatorio_consolidado_dourada_files/figure-latex/tendencias-12.pdf Graphic file (type pdf)
<use C:/Users/renan/OneDrive/Projetos/consulta_hidroweb/output/dourada/report/relatorio_consolidado_dourada_files/figure-latex/tendencias-12.pdf>
Package pdftex.def Info: C:/Users/renan/OneDrive/Projetos/consulta_hidroweb/output/dourada/report/relatorio_consolidado_dourada_files/figure-latex/tendencias-12.pdf  used on input line 214.
(pdftex.def)             Requested size: 469.75502pt x 325.2142pt.
[15 <c:/Users/renan/OneDrive/Projetos/consulta_hidroweb/output/dourada/report/relatorio_consolidado_dourada_files/figure-latex/tendencias-11.pdf>] [16 <c:/Users/renan/OneDrive/Projetos/consulta_hidroweb/output/dourada/report/relatorio_consolidado_dourada_files/figure-latex/tendencias-12.pdf>] [17] [18]
<C:/Users/renan/OneDrive/Projetos/consulta_hidroweb/output/dourada/report/relatorio_consolidado_dourada_files/figure-latex/contagem_consolidada-1.pdf, id=263, 722.7pt x 361.35pt>
File: C:/Users/renan/OneDrive/Projetos/consulta_hidroweb/output/dourada/report/relatorio_consolidado_dourada_files/figure-latex/contagem_consolidada-1.pdf Graphic file (type pdf)
<use C:/Users/renan/OneDrive/Projetos/consulta_hidroweb/output/dourada/report/relatorio_consolidado_dourada_files/figure-latex/contagem_consolidada-1.pdf>
Package pdftex.def Info: C:/Users/renan/OneDrive/Projetos/consulta_hidroweb/output/dourada/report/relatorio_consolidado_dourada_files/figure-latex/contagem_consolidada-1.pdf  used on input line 432.
(pdftex.def)             Requested size: 469.75502pt x 234.88023pt.

LaTeX Warning: Float too large for page by 262.58052pt on input line 536.


LaTeX Warning: `!h' float specifier changed to `!ht'.

[19 <c:/Users/renan/OneDrive/Projetos/consulta_hidroweb/output/dourada/report/relatorio_consolidado_dourada_files/figure-latex/contagem_consolidada-1.pdf>] [20] (./relatorio_consolidado_dourada.aux)
 ***********
LaTeX2e <2026-06-01>
L3 programming layer <2026-05-26>
 ***********

LaTeX Warning: There were multiply-defined labels.

 ) 
Here is how much of TeX's memory you used:
 13759 strings out of 469096
 239963 string characters out of 5456517
 735220 words of memory out of 5000000
 42468 multiletter control sequences out of 15000+600000
 672218 words of font info for 96 fonts, out of 8000000 for 9000
 36 hyphenation exceptions out of 8191
 83i,9n,93p,1099b,617s stack positions out of 10000i,1000n,20000p,200000b,200000s
<c:/Users/renan/AppData/Roaming/TinyTeX/texmf-dist/fonts/type1/public/lm/lmbx10.pfb><c:/Users/renan/AppData/Roaming/TinyTeX/texmf-dist/fonts/type1/public/lm/lmbx12.pfb><c:/Users/renan/AppData/Roaming/TinyTeX/texmf-dist/fonts/type1/public/lm/lmr10.pfb><c:/Users/renan/AppData/Roaming/TinyTeX/texmf-dist/fonts/type1/public/lm/lmr12.pfb><c:/Users/renan/AppData/Roaming/TinyTeX/texmf-dist/fonts/type1/public/lm/lmr17.pfb><c:/Users/renan/AppData/Roaming/TinyTeX/texmf-dist/fonts/type1/public/lm/lmr9.pfb><c:/Users/renan/AppData/Roaming/TinyTeX/texmf-dist/fonts/type1/public/lm/lmri9.pfb>
Output written on relatorio_consolidado_dourada.pdf (20 pages, 645571 bytes).
PDF statistics:
 416 PDF objects out of 1000 (max. 8388607)
 342 compressed objects within 4 object streams
 54 named destinations out of 1000 (max. 500000)
 28977 words of extra memory for PDF output out of 29859 (max. 10000000)

